
. 
. 
. ********************************************************************************
. * 1. Labor Market Demo
. ********************************************************************************
. * Load Example
. * Outcome: wage
. * Amenity: safety
. * Anti-IV: afqt_1_1981 (AFQT score)
. 
. use safety_aivreg_example.dta, clear

. 
. * naive hedonic regression
. reg wage safety

      Source |       SS           df       MS      Number of obs   =     3,971
-------------+----------------------------------   F(1, 3969)      =     38.01
       Model |   58.098609         1   58.098609   Prob > F        =    0.0000
    Residual |  6066.92616     3,969  1.52857802   R-squared       =    0.0095
-------------+----------------------------------   Adj R-squared   =    0.0092
       Total |  6125.02477     3,970   1.5428274   Root MSE        =    1.2364

------------------------------------------------------------------------------
        wage | Coefficient  Std. err.      t    P>|t|     [95% conf. interval]
-------------+----------------------------------------------------------------
      safety |   .1257863    .020403     6.17   0.000     .0857849    .1657877
       _cons |   .1858175   .0196564     9.45   0.000     .1472798    .2243552
------------------------------------------------------------------------------

. 
. * hedonic regression with AFQT as control variables
. reg wage safety afqt_1_1981

      Source |       SS           df       MS      Number of obs   =     3,971
-------------+----------------------------------   F(2, 3968)      =    157.55
       Model |  450.608187         2  225.304094   Prob > F        =    0.0000
    Residual |  5674.41659     3,968   1.4300445   R-squared       =    0.0736
-------------+----------------------------------   Adj R-squared   =    0.0731
       Total |  6125.02477     3,970   1.5428274   Root MSE        =    1.1958

------------------------------------------------------------------------------
        wage | Coefficient  Std. err.      t    P>|t|     [95% conf. interval]
-------------+----------------------------------------------------------------
      safety |   .0435653   .0203489     2.14   0.032       .00367    .0834607
 afqt_1_1981 |   .0114346   .0006902    16.57   0.000     .0100814    .0127877
       _cons |  -.3182425    .035877    -8.87   0.000    -.3885815   -.2479035
------------------------------------------------------------------------------

. 
. * proxy method using AFQT as Anti-IV
. aivreg wage safety, h(afqt_1_1981)

--------------------------------------
       |      Coef   ARCI_lb   ARCI_ub
-------+------------------------------
safety | -1.145084 -1.379237 -.9470102
--------------------------------------
Partial_F: 340.64016
0

. 
. ********************************************************************************
. * 2. Housing Market Demo
. ********************************************************************************
. * Load Example Housing Market Data
. * Outcome: log_hpvi (house price index for given # of rooms in a given county)
. * Amenities: medianaqi (Air Quality Index, higher means worse air), crime_rate
. * anti-IV: rank (Geographic PageRank based on migration flows)
. 
. use housing_aivreg_example, clear

. 
. * Hedonic Regression with Controls to Price a Single Amenity (i.e., medianaqi)
. reg log_hpvi medianaqi rank i.rooms if year==2019

      Source |       SS           df       MS      Number of obs   =    14,095
-------------+----------------------------------   F(6, 14088)     =   1581.71
       Model |  2446.93861         6  407.823102   Prob > F        =    0.0000
    Residual |  3632.39585    14,088  .257836162   R-squared       =    0.4025
-------------+----------------------------------   Adj R-squared   =    0.4022
       Total |  6079.33447    14,094  .431342023   Root MSE        =    .50778

------------------------------------------------------------------------------
    log_hpvi | Coefficient  Std. err.      t    P>|t|     [95% conf. interval]
-------------+----------------------------------------------------------------
   medianaqi |  -.0179744   .0046326    -3.88   0.000    -.0270548   -.0088939
        rank |   .1726248   .0044821    38.51   0.000     .1638394    .1814103
             |
       rooms |
          2  |   .1426972   .0136676    10.44   0.000      .115907    .1694874
          3  |   .5262077   .0136504    38.55   0.000     .4994511    .5529642
          4  |   .8092507   .0136549    59.26   0.000     .7824852    .8360162
          5  |   1.015283   .0137094    74.06   0.000     .9884108    1.042155
             |
       _cons |   11.40268   .0098292  1160.08   0.000     11.38341    11.42194
------------------------------------------------------------------------------

. 
. 
. * Single-Amenity Anti-IV method using the Stata program, with ARCI standard errors 
. * Adding i.room as controls
. aivreg log_hpvi medianaqi if year==2019, h(rank) control(i.rooms)

-----------------------------------------
          |      Coef   ARCI_lb   ARCI_ub
----------+------------------------------
medianaqi | -.5250496 -.5666013 -.4864084
-----------------------------------------
Partial_F: 1483.4751
0

. return list

scalars:
     r(ub_ARmedianaqi) =  -.4864084375499184
     r(lb_ARmedianaqi) =  -.5666012573505669
      r(betamedianaqi) =  -.5250495936376888
          r(partial_F) =  1483.475076409008

. 
. eststo clear

. * Single-Amenity Anti-IV method using the Stata program, with ARCI standard errors 
. * Adding # of Rooms as a fixed effect variable
. aivreg log_hpvi medianaqi if year==2019, h(rank) fe(rooms) eststo(model1)

-----------------------------------------
          |      Coef   ARCI_lb   ARCI_ub
----------+------------------------------
medianaqi | -.5250496 -.5666013 -.4864084
-----------------------------------------
Partial_F: 1483.8962
1
Warning - duplicate variables detected
Duplicates:         medianaqi
(MWFE estimator converged in 1 iterations)

IV (2SLS) estimation
--------------------

Estimates efficient for homoskedasticity only
Statistics consistent for homoskedasticity only

                                                      Number of obs =    14095
                                                      F(  2, 14088) =   744.74
                                                      Prob > F      =   0.0000
Total (centered) SS     =   4031.41493                Centered R2   =  -8.4583
Total (uncentered) SS   =   4031.41493                Uncentered R2 =  -8.4583
Residual SS             =  38130.32979                Root MSE      =    1.645

------------------------------------------------------------------------------
    log_hpvi | Coefficient  Std. err.      t    P>|t|     [95% conf. interval]
-------------+----------------------------------------------------------------
        rank |   1.812094   .0470496    38.51   0.000      1.71987    1.904317
   medianaqi |  -.5250496   .0204174   -25.72   0.000    -.5650704   -.4850288
------------------------------------------------------------------------------
Underidentification test (Anderson canon. corr. LM statistic):        1342.727
                                                   Chi-sq(1) P-val =    0.0000
------------------------------------------------------------------------------
Weak identification test (Cragg-Donald Wald F statistic):             1483.370
Stock-Yogo weak ID test critical values: 10% maximal IV size             16.38
                                         15% maximal IV size              8.96
                                         20% maximal IV size              6.66
                                         25% maximal IV size              5.53
Source: Stock-Yogo (2005).  Reproduced by permission.
------------------------------------------------------------------------------
Sargan statistic (overidentification test of all instruments):           0.000
                                                 (equation exactly identified)
------------------------------------------------------------------------------
Instrumented:         rank
Included instruments: medianaqi
Excluded instruments: log_hpvi
Partialled-out:       _cons
                      nb: total SS, model F and R2s are after partialling-out;
                          any small-sample adjustments include partialled-out
                          variables in regressor count K
Duplicates:           medianaqi
------------------------------------------------------------------------------

Absorbed degrees of freedom:
-----------------------------------------------------+
 Absorbed FE | Categories  - Redundant  = Num. Coefs |
-------------+---------------------------------------|
       rooms |         5           0           5     |
-----------------------------------------------------+

. 
. * the Equivalent way to calculate the proxy coefficient with ivreg2 command
. qui bootstrap, reps(100) seed(1): ivreg2 log_hpvi (rank=log_hpvi medianaqi) ///
>                                 medianaqi i.rooms if year==2019, ffirst

. 
. eststo model2

. 
. esttab model1 model2, drop(*.rooms)

--------------------------------------------
                      (1)             (2)   
                 log_hpvi        log_hpvi   
--------------------------------------------
rank                1.812***        1.812***
                  (38.51)         (29.34)   

medianaqi          -0.525***       -0.525***
                 (-25.72)        (-16.04)   

_cons                               11.37***
                                 (381.40)   
--------------------------------------------
N                   14095           14095   
--------------------------------------------
t statistics in parentheses
* p<0.05, ** p<0.01, *** p<0.001

. 
. * Hedonic Regression with Controls to Price Multiple Amenities (i.e., medianaqi)
. reg log_hpvi medianaqi crime_rate rank i.rooms if year==2019

      Source |       SS           df       MS      Number of obs   =    14,067
-------------+----------------------------------   F(7, 14059)     =   1356.99
       Model |  2434.12237         7  347.731767   Prob > F        =    0.0000
    Residual |  3602.63794    14,059  .256251365   R-squared       =    0.4032
-------------+----------------------------------   Adj R-squared   =    0.4029
       Total |  6036.76031    14,066  .429173916   Root MSE        =    .50621

------------------------------------------------------------------------------
    log_hpvi | Coefficient  Std. err.      t    P>|t|     [95% conf. interval]
-------------+----------------------------------------------------------------
   medianaqi |   -.017584   .0046242    -3.80   0.000    -.0266481   -.0085199
  crime_rate |   .0168477   .0058461     2.88   0.004     .0053885    .0283069
        rank |   .1663094   .0046711    35.60   0.000     .1571533    .1754654
             |
       rooms |
          2  |   .1430336   .0136392    10.49   0.000     .1162989    .1697683
          3  |   .5268819   .0136221    38.68   0.000     .5001808     .553583
          4  |   .8101727   .0136267    59.45   0.000     .7834627    .8368828
          5  |   1.016263   .0136798    74.29   0.000     .9894485    1.043077
             |
       _cons |   11.40063   .0098081  1162.37   0.000      11.3814    11.41985
------------------------------------------------------------------------------

. 
. * Multivariate anti-IV method with Stata program, with ARCI standard errors 
. aivreg log_hpvi medianaqi crime_rate if year==2019, h(rank) control(i.rooms)

------------------------------------------
           |      Coef   ARCI_lb   ARCI_ub
-----------+------------------------------
medianaqi  |  -.535451 -.5806173 -.4937169
crime_rate | -.6242351 -.6807541  -.571965
------------------------------------------
Partial_F: 1267.7071
0

. return list

scalars:
    r(ub_ARcrime_rate) =  -.5719649938687033
    r(lb_ARcrime_rate) =  -.6807540689079238
     r(betacrime_rate) =  -.6242350729705022
     r(ub_ARmedianaqi) =  -.493716947144077
     r(lb_ARmedianaqi) =  -.5806172758623946
      r(betamedianaqi) =  -.535450972941965
          r(partial_F) =  1267.707134422338

. 
. * Currently not allowing multiple an-IV option
. aivreg log_hpvi medianaqi if year==2019, h(rank crime_rate) control(i.rooms)
Working on cases with multiple proxies

. 
. log close
      name:  <unnamed>
       log:  /Users/shushengzhong/Library/CloudStorage/GoogleDrive-zhongshusheng98@gmail.com/.shortcut-targets-
> by-id/1boJDCakyAAS94F5KjSRVfXd4ICmDvdRP/Measuring and Pricing Neighborhood Characteristics/pricing_amenities/
> proxy_stata_package/logs/demo_20240716.txt
  log type:  text
 closed on:  16 Jul 2024, 17:18:32
---------------------------------------------------------------------------------------------------------------
